
> backend@0.1.0 test
> node --experimental-vm-modules node_modules/jest/bin/jest.js

  console.log
    [dotenv@17.2.1] injecting env (3) from .env -- tip: ≡ƒôí version env with Radar: https://dotenvx.com/radar

      at _log (node_modules/dotenv/lib/main.js:139:11)

  console.log
    ≡ƒöº CORS allowed origins: [
      'https://sweet-shop-management-frontend.vercel.app',
      'http://localhost:5173',
      'http://localhost:3000',
      'http://127.0.0.1:5173'
    ]

      at createApp (app.js:31:11)

  console.log
    ≡ƒîì Node environment: test

      at createApp (app.js:32:11)

  console.log
    ≡ƒöº CORS allowed origins: [
      'https://sweet-shop-management-frontend.vercel.app',
      'http://localhost:5173',
      'http://localhost:3000',
      'http://127.0.0.1:5173'
    ]

      at createApp (app.js:31:11)

  console.log
    ≡ƒîì Node environment: test

      at createApp (app.js:32:11)

  console.log
    [dotenv@17.2.1] injecting env (4) from .env -- tip: ΓÜÖ∩╕Å  specify custom .env file path with { path: '/custom/path/.env' }

      at _log (node_modules/dotenv/lib/main.js:139:11)

  console.log
    ≡ƒöº CORS allowed origins: [
      'https://sweet-shop-management-frontend.vercel.app',
      'http://localhost:5173',
      'http://localhost:3000',
      'http://127.0.0.1:5173'
    ]

      at createApp (app.js:31:11)

  console.log
    ≡ƒîì Node environment: test

      at createApp (app.js:32:11)

  console.log
    ≡ƒöì Request origin: undefined

      at handleCors (utils/cors.js:14:11)

  console.log
    ≡ƒöì Allowed origins: [
      'http://localhost:5173',
      'http://localhost:5174',
      'http://localhost:3000',
      'http://127.0.0.1:5173',
      'http://127.0.0.1:5174',
      'https://sweet-shop-management-frontend.vercel.app'
    ]

      at handleCors (utils/cors.js:15:11)

  console.log
    ≡ƒöì Request origin: undefined

      at handleCors (utils/cors.js:14:11)

  console.log
    ≡ƒöì Allowed origins: [
      'http://localhost:5173',
      'http://localhost:5174',
      'http://localhost:3000',
      'http://127.0.0.1:5173',
      'http://127.0.0.1:5174',
      'https://sweet-shop-management-frontend.vercel.app'
    ]

      at handleCors (utils/cors.js:15:11)

  console.log
    ≡ƒöì Request origin: undefined

      at handleCors (utils/cors.js:14:11)

  console.log
    ≡ƒöì Allowed origins: [
      'http://localhost:5173',
      'http://localhost:5174',
      'http://localhost:3000',
      'http://127.0.0.1:5173',
      'http://127.0.0.1:5174',
      'https://sweet-shop-management-frontend.vercel.app'
    ]

      at handleCors (utils/cors.js:15:11)

  console.log
    ≡ƒöì Request origin: undefined

      at handleCors (utils/cors.js:14:11)

  console.log
    ≡ƒöì Allowed origins: [
      'http://localhost:5173',
      'http://localhost:5174',
      'http://localhost:3000',
      'http://127.0.0.1:5173',
      'http://127.0.0.1:5174',
      'https://sweet-shop-management-frontend.vercel.app'
    ]

      at handleCors (utils/cors.js:15:11)

  console.log
    ≡ƒöì Request origin: undefined

      at handleCors (utils/cors.js:14:11)

  console.log
    ≡ƒöì Allowed origins: [
      'http://localhost:5173',
      'http://localhost:5174',
      'http://localhost:3000',
      'http://127.0.0.1:5173',
      'http://127.0.0.1:5174',
      'https://sweet-shop-management-frontend.vercel.app'
    ]

      at handleCors (utils/cors.js:15:11)

  console.log
    ≡ƒöì Request origin: undefined

      at handleCors (utils/cors.js:14:11)

  console.log
    ≡ƒöì Allowed origins: [
      'http://localhost:5173',
      'http://localhost:5174',
      'http://localhost:3000',
      'http://127.0.0.1:5173',
      'http://127.0.0.1:5174',
      'https://sweet-shop-management-frontend.vercel.app'
    ]

      at handleCors (utils/cors.js:15:11)

  console.log
    Γ£à CORS allowed for origin: undefined

      at handleCors (utils/cors.js:20:13)

  console.log
    ≡ƒöì Request origin: undefined

      at handleCors (utils/cors.js:14:11)

  console.log
    ≡ƒöì Allowed origins: [
      'http://localhost:5173',
      'http://localhost:5174',
      'http://localhost:3000',
      'http://127.0.0.1:5173',
      'http://127.0.0.1:5174',
      'https://sweet-shop-management-frontend.vercel.app'
    ]

      at handleCors (utils/cors.js:15:11)

  console.log
    ≡ƒöº CORS allowed origins: [
      'https://sweet-shop-management-frontend.vercel.app',
      'http://localhost:5173',
      'http://localhost:3000',
      'http://127.0.0.1:5173'
    ]

      at createApp (app.js:31:11)

  console.log
    ≡ƒîì Node environment: test

      at createApp (app.js:32:11)

  console.log
    ≡ƒöì Request origin: undefined

      at handleCors (utils/cors.js:14:11)

  console.log
    ≡ƒöì Allowed origins: [
      'http://localhost:5173',
      'http://localhost:5174',
      'http://localhost:3000',
      'http://127.0.0.1:5173',
      'http://127.0.0.1:5174',
      'https://sweet-shop-management-frontend.vercel.app'
    ]

      at handleCors (utils/cors.js:15:11)

  console.log
    Γ£à CORS allowed for origin: undefined

      at handleCors (utils/cors.js:20:13)

  console.log
    ≡ƒöì Request origin: undefined

      at handleCors (utils/cors.js:14:11)

  console.log
    ≡ƒöì Allowed origins: [
      'http://localhost:5173',
      'http://localhost:5174',
      'http://localhost:3000',
      'http://127.0.0.1:5173',
      'http://127.0.0.1:5174',
      'https://sweet-shop-management-frontend.vercel.app'
    ]

      at handleCors (utils/cors.js:15:11)

  console.log
    Γ£à CORS allowed for origin: undefined

      at handleCors (utils/cors.js:20:13)

  console.log
    ≡ƒöì Request origin: undefined

      at handleCors (utils/cors.js:14:11)

  console.log
    ≡ƒöì Allowed origins: [
      'http://localhost:5173',
      'http://localhost:5174',
      'http://localhost:3000',
      'http://127.0.0.1:5173',
      'http://127.0.0.1:5174',
      'https://sweet-shop-management-frontend.vercel.app'
    ]

      at handleCors (utils/cors.js:15:11)

  console.log
    Γ£à CORS allowed for origin: undefined

      at handleCors (utils/cors.js:20:13)

  console.log
    ≡ƒöì Request origin: undefined

      at handleCors (utils/cors.js:14:11)

  console.log
    ≡ƒöì Allowed origins: [
      'http://localhost:5173',
      'http://localhost:5174',
      'http://localhost:3000',
      'http://127.0.0.1:5173',
      'http://127.0.0.1:5174',
      'https://sweet-shop-management-frontend.vercel.app'
    ]

      at handleCors (utils/cors.js:15:11)

  console.log
    Γ£à CORS allowed for origin: undefined

      at handleCors (utils/cors.js:20:13)

  console.log
    ≡ƒöì Request origin: undefined

      at handleCors (utils/cors.js:14:11)

  console.log
    ≡ƒöì Allowed origins: [
      'http://localhost:5173',
      'http://localhost:5174',
      'http://localhost:3000',
      'http://127.0.0.1:5173',
      'http://127.0.0.1:5174',
      'https://sweet-shop-management-frontend.vercel.app'
    ]

      at handleCors (utils/cors.js:15:11)

  console.log
    Γ£à CORS allowed for origin: undefined

      at handleCors (utils/cors.js:20:13)

  console.log
    ≡ƒöì Request origin: undefined

      at handleCors (utils/cors.js:14:11)

  console.log
    ≡ƒöì Allowed origins: [
      'http://localhost:5173',
      'http://localhost:5174',
      'http://localhost:3000',
      'http://127.0.0.1:5173',
      'http://127.0.0.1:5174',
      'https://sweet-shop-management-frontend.vercel.app'
    ]

      at handleCors (utils/cors.js:15:11)

  console.log
    Γ£à CORS allowed for origin: undefined

      at handleCors (utils/cors.js:20:13)

  console.log
    ≡ƒöì Request origin: undefined

      at handleCors (utils/cors.js:14:11)

  console.log
    ≡ƒöì Allowed origins: [
      'http://localhost:5173',
      'http://localhost:5174',
      'http://localhost:3000',
      'http://127.0.0.1:5173',
      'http://127.0.0.1:5174',
      'https://sweet-shop-management-frontend.vercel.app'
    ]

      at handleCors (utils/cors.js:15:11)

  console.log
    Γ£à CORS allowed for origin: undefined

      at handleCors (utils/cors.js:20:13)

  console.log
    ≡ƒöì Request origin: undefined

      at handleCors (utils/cors.js:14:11)

  console.log
    ≡ƒöì Allowed origins: [
      'http://localhost:5173',
      'http://localhost:5174',
      'http://localhost:3000',
      'http://127.0.0.1:5173',
      'http://127.0.0.1:5174',
      'https://sweet-shop-management-frontend.vercel.app'
    ]

      at handleCors (utils/cors.js:15:11)

  console.log
    Γ£à CORS allowed for origin: undefined

      at handleCors (utils/cors.js:20:13)

  console.log
    ≡ƒöì Request origin: undefined

      at handleCors (utils/cors.js:14:11)

  console.log
    ≡ƒöì Allowed origins: [
      'http://localhost:5173',
      'http://localhost:5174',
      'http://localhost:3000',
      'http://127.0.0.1:5173',
      'http://127.0.0.1:5174',
      'https://sweet-shop-management-frontend.vercel.app'
    ]

      at handleCors (utils/cors.js:15:11)

  console.error
    Error creating sweet: Error: Database connection failed
        at mockConstructor.<anonymous> (D:\sweet-shop\backend\tests\api\sweets.test.js:237:43)
        at D:\sweet-shop\backend\node_modules\jest-mock\build\index.js:295:43
        at mockConstructor.<anonymous> (D:\sweet-shop\backend\node_modules\jest-mock\build\index.js:312:13)
        at new mockConstructor (D:\sweet-shop\backend\node_modules\jest-mock\build\index.js:102:19)
        at Function.createSweet (D:\sweet-shop\backend\controllers\sweetController.js:11:19)
        at handleCreateSweet (D:\sweet-shop\backend\api\sweets.js:90:42)
        at handler (D:\sweet-shop\backend\api\sweets.js:36:20)
        at processTicksAndRejections (node:internal/process/task_queues:105:5)

    [0m [90m  98 |[39m     }
     [90m  99 |[39m
    [31m[1m>[22m[39m[90m 100 |[39m     console[33m.[39merror([32m'Error creating sweet:'[39m[33m,[39m error)[33m;[39m
     [90m     |[39m             [31m[1m^[22m[39m
     [90m 101 |[39m     res[33m.[39mstatus([35m500[39m)[33m.[39mjson({
     [90m 102 |[39m       error[33m:[39m [32m'Internal server error'[39m
     [90m 103 |[39m     })[33m;[39m[0m

      at handleCreateSweet (api/sweets.js:100:13)
      at handler (api/sweets.js:36:14)

  console.log
    ≡ƒöì Request origin: undefined

      at handleCors (utils/cors.js:14:11)

  console.log
    ≡ƒöì Allowed origins: [
      'http://localhost:5173',
      'http://localhost:5174',
      'http://localhost:3000',
      'http://127.0.0.1:5173',
      'http://127.0.0.1:5174',
      'https://sweet-shop-management-frontend.vercel.app'
    ]

      at handleCors (utils/cors.js:15:11)

  console.log
    ≡ƒöì Request origin: undefined

      at handleCors (utils/cors.js:14:11)

  console.log
    ≡ƒöì Allowed origins: [
      'http://localhost:5173',
      'http://localhost:5174',
      'http://localhost:3000',
      'http://127.0.0.1:5173',
      'http://127.0.0.1:5174',
      'https://sweet-shop-management-frontend.vercel.app'
    ]

      at handleCors (utils/cors.js:15:11)

  console.log
    Γ£à CORS allowed for origin: undefined

      at handleCors (utils/cors.js:20:13)

  console.log
    ≡ƒôª Fetching sweets for user: admin@example.com

      at handleGetSweets (api/sweets.js:56:13)

  console.log
    ≡ƒöì Request origin: undefined

      at handleCors (utils/cors.js:14:11)

  console.log
    ≡ƒöì Allowed origins: [
      'http://localhost:5173',
      'http://localhost:5174',
      'http://localhost:3000',
      'http://127.0.0.1:5173',
      'http://127.0.0.1:5174',
      'https://sweet-shop-management-frontend.vercel.app'
    ]

      at handleCors (utils/cors.js:15:11)

  console.log
    Γ£à CORS allowed for origin: undefined

      at handleCors (utils/cors.js:20:13)

  console.log
    ≡ƒôª Fetching sweets for user: customer@example.com

      at handleGetSweets (api/sweets.js:56:13)

  console.log
    ≡ƒöì Request origin: undefined

      at handleCors (utils/cors.js:14:11)

  console.log
    ≡ƒöì Allowed origins: [
      'http://localhost:5173',
      'http://localhost:5174',
      'http://localhost:3000',
      'http://127.0.0.1:5173',
      'http://127.0.0.1:5174',
      'https://sweet-shop-management-frontend.vercel.app'
    ]

      at handleCors (utils/cors.js:15:11)

  console.log
    Γ£à CORS allowed for origin: undefined

      at handleCors (utils/cors.js:20:13)

  console.log
    ≡ƒôª Fetching sweets for user: admin@example.com

      at handleGetSweets (api/sweets.js:56:13)

  console.log
    ≡ƒöì Request origin: undefined

      at handleCors (utils/cors.js:14:11)

  console.log
    ≡ƒöì Allowed origins: [
      'http://localhost:5173',
      'http://localhost:5174',
      'http://localhost:3000',
      'http://127.0.0.1:5173',
      'http://127.0.0.1:5174',
      'https://sweet-shop-management-frontend.vercel.app'
    ]

      at handleCors (utils/cors.js:15:11)

  console.log
    Γ£à CORS allowed for origin: undefined

      at handleCors (utils/cors.js:20:13)

  console.log
    ≡ƒôª Fetching sweets for user: customer@example.com

      at handleGetSweets (api/sweets.js:56:13)

  console.log
    ≡ƒöì Request origin: undefined

      at handleCors (utils/cors.js:14:11)

  console.log
    ≡ƒöì Allowed origins: [
      'http://localhost:5173',
      'http://localhost:5174',
      'http://localhost:3000',
      'http://127.0.0.1:5173',
      'http://127.0.0.1:5174',
      'https://sweet-shop-management-frontend.vercel.app'
    ]

      at handleCors (utils/cors.js:15:11)

  console.log
    Γ£à CORS allowed for origin: undefined

      at handleCors (utils/cors.js:20:13)

  console.log
    ≡ƒöì Request origin: undefined

      at handleCors (utils/cors.js:14:11)

  console.log
    ≡ƒöì Allowed origins: [
      'http://localhost:5173',
      'http://localhost:5174',
      'http://localhost:3000',
      'http://127.0.0.1:5173',
      'http://127.0.0.1:5174',
      'https://sweet-shop-management-frontend.vercel.app'
    ]

      at handleCors (utils/cors.js:15:11)

  console.log
    Γ£à CORS allowed for origin: undefined

      at handleCors (utils/cors.js:20:13)

  console.log
    ≡ƒöì Request origin: undefined

      at handleCors (utils/cors.js:14:11)

  console.log
    ≡ƒöì Allowed origins: [
      'http://localhost:5173',
      'http://localhost:5174',
      'http://localhost:3000',
      'http://127.0.0.1:5173',
      'http://127.0.0.1:5174',
      'https://sweet-shop-management-frontend.vercel.app'
    ]

      at handleCors (utils/cors.js:15:11)

  console.log
    Γ£à CORS allowed for origin: undefined

      at handleCors (utils/cors.js:20:13)

  console.log
    ≡ƒôª Fetching sweets for user: customer@example.com

      at handleGetSweets (api/sweets.js:56:13)

  console.error
    Error fetching sweets: Error: Database connection failed
        at Object.<anonymous> (D:\sweet-shop\backend\tests\api\sweets.test.js:361:39)
        at Promise.finally.completed (D:\sweet-shop\backend\node_modules\jest-circus\build\jestAdapterInit.js:1559:28)
        at new Promise (<anonymous>)
        at callAsyncCircusFn (D:\sweet-shop\backend\node_modules\jest-circus\build\jestAdapterInit.js:1499:10)
        at _callCircusTest (D:\sweet-shop\backend\node_modules\jest-circus\build\jestAdapterInit.js:1009:40)
        at processTicksAndRejections (node:internal/process/task_queues:105:5)
        at _runTest (D:\sweet-shop\backend\node_modules\jest-circus\build\jestAdapterInit.js:949:3)
        at _runTestsForDescribeBlock (D:\sweet-shop\backend\node_modules\jest-circus\build\jestAdapterInit.js:839:13)
        at _runTestsForDescribeBlock (D:\sweet-shop\backend\node_modules\jest-circus\build\jestAdapterInit.js:829:11)
        at _runTestsForDescribeBlock (D:\sweet-shop\backend\node_modules\jest-circus\build\jestAdapterInit.js:829:11)
        at run (D:\sweet-shop\backend\node_modules\jest-circus\build\jestAdapterInit.js:757:3)
        at runAndTransformResultsToJestFormat (D:\sweet-shop\backend\node_modules\jest-circus\build\jestAdapterInit.js:1920:21)
        at jestAdapter (D:\sweet-shop\backend\node_modules\jest-circus\build\runner.js:101:19)
        at runTestInternal (D:\sweet-shop\backend\node_modules\jest-runner\build\testWorker.js:275:16)
        at runTest (D:\sweet-shop\backend\node_modules\jest-runner\build\testWorker.js:343:7)
        at Object.worker (D:\sweet-shop\backend\node_modules\jest-runner\build\testWorker.js:497:12)

    [0m [90m 73 |[39m     res[33m.[39mstatus([35m200[39m)[33m.[39mjson(result)[33m;[39m
     [90m 74 |[39m   } [36mcatch[39m (error) {
    [31m[1m>[22m[39m[90m 75 |[39m     console[33m.[39merror([32m'Error fetching sweets:'[39m[33m,[39m error)[33m;[39m
     [90m    |[39m             [31m[1m^[22m[39m
     [90m 76 |[39m     res[33m.[39mstatus([35m500[39m)[33m.[39mjson({
     [90m 77 |[39m       error[33m:[39m [32m'Internal server error'[39m
     [90m 78 |[39m     })[33m;[39m[0m

      at handleGetSweets (api/sweets.js:75:13)
      at handler (api/sweets.js:34:14)

  console.log
    ≡ƒöì Request origin: undefined

      at handleCors (utils/cors.js:14:11)

  console.log
    ≡ƒöì Allowed origins: [
      'http://localhost:5173',
      'http://localhost:5174',
      'http://localhost:3000',
      'http://127.0.0.1:5173',
      'http://127.0.0.1:5174',
      'https://sweet-shop-management-frontend.vercel.app'
    ]

      at handleCors (utils/cors.js:15:11)

  console.log
    ≡ƒöì Request origin: undefined

      at handleCors (utils/cors.js:14:11)

  console.log
    ≡ƒöì Allowed origins: [
      'http://localhost:5173',
      'http://localhost:5174',
      'http://localhost:3000',
      'http://127.0.0.1:5173',
      'http://127.0.0.1:5174',
      'https://sweet-shop-management-frontend.vercel.app'
    ]

      at handleCors (utils/cors.js:15:11)

  console.log
    Γ£à CORS allowed for origin: undefined

      at handleCors (utils/cors.js:20:13)

  console.log
    ≡ƒôª Fetching sweets for user: customer@example.com

      at handleGetSweets (api/sweets.js:56:13)

  console.log
    ≡ƒöì Request origin: undefined

      at handleCors (utils/cors.js:14:11)

  console.log
    ≡ƒöì Allowed origins: [
      'http://localhost:5173',
      'http://localhost:5174',
      'http://localhost:3000',
      'http://127.0.0.1:5173',
      'http://127.0.0.1:5174',
      'https://sweet-shop-management-frontend.vercel.app'
    ]

      at handleCors (utils/cors.js:15:11)

  console.log
    ≡ƒöì Request origin: undefined

      at handleCors (utils/cors.js:14:11)

  console.log
    ≡ƒöì Allowed origins: [
      'http://localhost:5173',
      'http://localhost:5174',
      'http://localhost:3000',
      'http://127.0.0.1:5173',
      'http://127.0.0.1:5174',
      'https://sweet-shop-management-frontend.vercel.app'
    ]

      at handleCors (utils/cors.js:15:11)

  console.log
    ≡ƒöì Request origin: undefined

      at handleCors (utils/cors.js:14:11)

  console.log
    ≡ƒöì Allowed origins: [
      'http://localhost:5173',
      'http://localhost:5174',
      'http://localhost:3000',
      'http://127.0.0.1:5173',
      'http://127.0.0.1:5174',
      'https://sweet-shop-management-frontend.vercel.app'
    ]

      at handleCors (utils/cors.js:15:11)

  console.log
    Γ£à CORS allowed for origin: undefined

      at handleCors (utils/cors.js:20:13)

  console.log
    ≡ƒôª Fetching sweets for user: customer@example.com

      at handleGetSweets (api/sweets.js:56:13)

  console.log
    ≡ƒöì Request origin: undefined

      at handleCors (utils/cors.js:14:11)

  console.log
    ≡ƒöì Allowed origins: [
      'http://localhost:5173',
      'http://localhost:5174',
      'http://localhost:3000',
      'http://127.0.0.1:5173',
      'http://127.0.0.1:5174',
      'https://sweet-shop-management-frontend.vercel.app'
    ]

      at handleCors (utils/cors.js:15:11)

  console.log
    Γ£à CORS allowed for origin: undefined

      at handleCors (utils/cors.js:20:13)

  console.log
    ≡ƒôª Fetching sweets for user: customer@example.com

      at handleGetSweets (api/sweets.js:56:13)

  console.log
    ≡ƒöì Request origin: undefined

      at handleCors (utils/cors.js:14:11)

  console.log
    ≡ƒöì Allowed origins: [
      'http://localhost:5173',
      'http://localhost:5174',
      'http://localhost:3000',
      'http://127.0.0.1:5173',
      'http://127.0.0.1:5174',
      'https://sweet-shop-management-frontend.vercel.app'
    ]

      at handleCors (utils/cors.js:15:11)

  console.log
    Γ£à CORS allowed for origin: undefined

      at handleCors (utils/cors.js:20:13)

  console.log
    ≡ƒôª Fetching sweets for user: customer@example.com

      at handleGetSweets (api/sweets.js:56:13)

  console.log
    ≡ƒöì Request origin: undefined

      at handleCors (utils/cors.js:14:11)

  console.log
    ≡ƒöì Allowed origins: [
      'http://localhost:5173',
      'http://localhost:5174',
      'http://localhost:3000',
      'http://127.0.0.1:5173',
      'http://127.0.0.1:5174',
      'https://sweet-shop-management-frontend.vercel.app'
    ]

      at handleCors (utils/cors.js:15:11)

  console.log
    Γ£à CORS allowed for origin: undefined

      at handleCors (utils/cors.js:20:13)

  console.log
    ≡ƒôª Fetching sweets for user: customer@example.com

      at handleGetSweets (api/sweets.js:56:13)

  console.log
    ≡ƒöì Request origin: undefined

      at handleCors (utils/cors.js:14:11)

  console.log
    ≡ƒöì Allowed origins: [
      'http://localhost:5173',
      'http://localhost:5174',
      'http://localhost:3000',
      'http://127.0.0.1:5173',
      'http://127.0.0.1:5174',
      'https://sweet-shop-management-frontend.vercel.app'
    ]

      at handleCors (utils/cors.js:15:11)

  console.log
    Γ£à CORS allowed for origin: undefined

      at handleCors (utils/cors.js:20:13)

  console.log
    ≡ƒôª Fetching sweets for user: customer@example.com

      at handleGetSweets (api/sweets.js:56:13)

  console.log
    ≡ƒöì Request origin: undefined

      at handleCors (utils/cors.js:14:11)

  console.log
    ≡ƒöì Allowed origins: [
      'http://localhost:5173',
      'http://localhost:5174',
      'http://localhost:3000',
      'http://127.0.0.1:5173',
      'http://127.0.0.1:5174',
      'https://sweet-shop-management-frontend.vercel.app'
    ]

      at handleCors (utils/cors.js:15:11)

  console.log
    Γ£à CORS allowed for origin: undefined

      at handleCors (utils/cors.js:20:13)

  console.log
    ≡ƒôª Fetching sweets for user: customer@example.com

      at handleGetSweets (api/sweets.js:56:13)

  console.log
    ≡ƒöì Request origin: undefined

      at handleCors (utils/cors.js:14:11)

  console.log
    ≡ƒöì Allowed origins: [
      'http://localhost:5173',
      'http://localhost:5174',
      'http://localhost:3000',
      'http://127.0.0.1:5173',
      'http://127.0.0.1:5174',
      'https://sweet-shop-management-frontend.vercel.app'
    ]

      at handleCors (utils/cors.js:15:11)

  console.log
    Γ£à CORS allowed for origin: undefined

      at handleCors (utils/cors.js:20:13)

  console.log
    ≡ƒöì Request origin: undefined

      at handleCors (utils/cors.js:14:11)

  console.log
    ≡ƒöì Allowed origins: [
      'http://localhost:5173',
      'http://localhost:5174',
      'http://localhost:3000',
      'http://127.0.0.1:5173',
      'http://127.0.0.1:5174',
      'https://sweet-shop-management-frontend.vercel.app'
    ]

      at handleCors (utils/cors.js:15:11)

  console.log
    Γ£à CORS allowed for origin: undefined

      at handleCors (utils/cors.js:20:13)

  console.log
    ≡ƒöì Request origin: undefined

      at handleCors (utils/cors.js:14:11)

  console.log
    ≡ƒöì Allowed origins: [
      'http://localhost:5173',
      'http://localhost:5174',
      'http://localhost:3000',
      'http://127.0.0.1:5173',
      'http://127.0.0.1:5174',
      'https://sweet-shop-management-frontend.vercel.app'
    ]

      at handleCors (utils/cors.js:15:11)

  console.log
    Γ£à CORS allowed for origin: undefined

      at handleCors (utils/cors.js:20:13)

  console.log
    ≡ƒôª Fetching sweets for user: customer@example.com

      at handleGetSweets (api/sweets.js:56:13)

  console.log
    ≡ƒöì Request origin: undefined

      at handleCors (utils/cors.js:14:11)

  console.log
    ≡ƒöì Allowed origins: [
      'http://localhost:5173',
      'http://localhost:5174',
      'http://localhost:3000',
      'http://127.0.0.1:5173',
      'http://127.0.0.1:5174',
      'https://sweet-shop-management-frontend.vercel.app'
    ]

      at handleCors (utils/cors.js:15:11)

  console.log
    Γ£à CORS allowed for origin: undefined

      at handleCors (utils/cors.js:20:13)

  console.log
    ≡ƒôª Fetching sweets for user: customer@example.com

      at handleGetSweets (api/sweets.js:56:13)

  console.log
    ≡ƒöì Request origin: undefined

      at handleCors (utils/cors.js:14:11)

  console.log
    ≡ƒöì Allowed origins: [
      'http://localhost:5173',
      'http://localhost:5174',
      'http://localhost:3000',
      'http://127.0.0.1:5173',
      'http://127.0.0.1:5174',
      'https://sweet-shop-management-frontend.vercel.app'
    ]

      at handleCors (utils/cors.js:15:11)

  console.log
    Γ£à CORS allowed for origin: undefined

      at handleCors (utils/cors.js:20:13)

  console.log
    ≡ƒôª Fetching sweets for user: customer@example.com

      at handleGetSweets (api/sweets.js:56:13)

  console.error
    Error fetching sweets: Error: Database connection failed
        at Function.<anonymous> (D:\sweet-shop\backend\tests\api\sweets.test.js:574:15)
        at D:\sweet-shop\backend\node_modules\jest-mock\build\index.js:305:39
        at Function.<anonymous> (D:\sweet-shop\backend\node_modules\jest-mock\build\index.js:312:13)
        at Function.mockConstructor [as find] (D:\sweet-shop\backend\node_modules\jest-mock\build\index.js:102:19)
        at Function.getAllSweets (D:\sweet-shop\backend\controllers\sweetController.js:29:23)
        at handleGetSweets (D:\sweet-shop\backend\api\sweets.js:68:42)
        at handler (D:\sweet-shop\backend\api\sweets.js:34:20)
        at processTicksAndRejections (node:internal/process/task_queues:105:5)

    [0m [90m 73 |[39m     res[33m.[39mstatus([35m200[39m)[33m.[39mjson(result)[33m;[39m
     [90m 74 |[39m   } [36mcatch[39m (error) {
    [31m[1m>[22m[39m[90m 75 |[39m     console[33m.[39merror([32m'Error fetching sweets:'[39m[33m,[39m error)[33m;[39m
     [90m    |[39m             [31m[1m^[22m[39m
     [90m 76 |[39m     res[33m.[39mstatus([35m500[39m)[33m.[39mjson({
     [90m 77 |[39m       error[33m:[39m [32m'Internal server error'[39m
     [90m 78 |[39m     })[33m;[39m[0m

      at handleGetSweets (api/sweets.js:75:13)
      at handler (api/sweets.js:34:14)

  console.log
    ≡ƒöì Request origin: undefined

      at handleCors (utils/cors.js:14:11)

  console.log
    ≡ƒöì Allowed origins: [
      'http://localhost:5173',
      'http://localhost:5174',
      'http://localhost:3000',
      'http://127.0.0.1:5173',
      'http://127.0.0.1:5174',
      'https://sweet-shop-management-frontend.vercel.app'
    ]

      at handleCors (utils/cors.js:15:11)

  console.log
    Γ£à CORS allowed for origin: undefined

      at handleCors (utils/cors.js:20:13)

  console.log
    ≡ƒôª Fetching sweets for user: customer@example.com

      at handleGetSweets (api/sweets.js:56:13)

  console.log
    ≡ƒöì Request origin: undefined

      at handleCors (utils/cors.js:14:11)

  console.log
    ≡ƒöì Allowed origins: [
      'http://localhost:5173',
      'http://localhost:5174',
      'http://localhost:3000',
      'http://127.0.0.1:5173',
      'http://127.0.0.1:5174',
      'https://sweet-shop-management-frontend.vercel.app'
    ]

      at handleCors (utils/cors.js:15:11)

  console.log
    Γ£à CORS allowed for origin: undefined

      at handleCors (utils/cors.js:20:13)

  console.log
    ≡ƒôª Fetching sweets for user: admin@example.com

      at handleGetSweets (api/sweets.js:56:13)

  console.log
    ≡ƒöì Request origin: undefined

      at handleCors (utils/cors.js:14:11)

  console.log
    ≡ƒöì Allowed origins: [
      'http://localhost:5173',
      'http://localhost:5174',
      'http://localhost:3000',
      'http://127.0.0.1:5173',
      'http://127.0.0.1:5174',
      'https://sweet-shop-management-frontend.vercel.app'
    ]

      at handleCors (utils/cors.js:15:11)

  console.log
    Γ£à CORS allowed for origin: undefined

      at handleCors (utils/cors.js:20:13)

  console.log
    ≡ƒöì Request origin: undefined

      at handleCors (utils/cors.js:14:11)

  console.log
    ≡ƒöì Allowed origins: [
      'http://localhost:5173',
      'http://localhost:5174',
      'http://localhost:3000',
      'http://127.0.0.1:5173',
      'http://127.0.0.1:5174',
      'https://sweet-shop-management-frontend.vercel.app'
    ]

      at handleCors (utils/cors.js:15:11)

  console.log
    Γ£à CORS allowed for origin: undefined

      at handleCors (utils/cors.js:20:13)

  console.log
    ≡ƒöì Request origin: undefined

      at handleCors (utils/cors.js:14:11)

  console.log
    ≡ƒöì Allowed origins: [
      'http://localhost:5173',
      'http://localhost:5174',
      'http://localhost:3000',
      'http://127.0.0.1:5173',
      'http://127.0.0.1:5174',
      'https://sweet-shop-management-frontend.vercel.app'
    ]

      at handleCors (utils/cors.js:15:11)

  console.log
    Γ£à CORS allowed for origin: undefined

      at handleCors (utils/cors.js:20:13)

  console.log
    ≡ƒöì Request origin: undefined

      at handleCors (utils/cors.js:14:11)

  console.log
    ≡ƒöì Allowed origins: [
      'http://localhost:5173',
      'http://localhost:5174',
      'http://localhost:3000',
      'http://127.0.0.1:5173',
      'http://127.0.0.1:5174',
      'https://sweet-shop-management-frontend.vercel.app'
    ]

      at handleCors (utils/cors.js:15:11)

  console.log
    Γ£à CORS allowed for origin: undefined

      at handleCors (utils/cors.js:20:13)

  console.log
    ≡ƒöì Request origin: undefined

      at handleCors (utils/cors.js:14:11)

  console.log
    ≡ƒöì Allowed origins: [
      'http://localhost:5173',
      'http://localhost:5174',
      'http://localhost:3000',
      'http://127.0.0.1:5173',
      'http://127.0.0.1:5174',
      'https://sweet-shop-management-frontend.vercel.app'
    ]

      at handleCors (utils/cors.js:15:11)

  console.log
    Γ£à CORS allowed for origin: undefined

      at handleCors (utils/cors.js:20:13)

  console.log
    ≡ƒöì Request origin: undefined

      at handleCors (utils/cors.js:14:11)

  console.log
    ≡ƒöì Allowed origins: [
      'http://localhost:5173',
      'http://localhost:5174',
      'http://localhost:3000',
      'http://127.0.0.1:5173',
      'http://127.0.0.1:5174',
      'https://sweet-shop-management-frontend.vercel.app'
    ]

      at handleCors (utils/cors.js:15:11)

  console.log
    Γ£à CORS allowed for origin: undefined

      at handleCors (utils/cors.js:20:13)

  console.log
    ≡ƒöì Request origin: undefined

      at handleCors (utils/cors.js:14:11)

  console.log
    ≡ƒöì Allowed origins: [
      'http://localhost:5173',
      'http://localhost:5174',
      'http://localhost:3000',
      'http://127.0.0.1:5173',
      'http://127.0.0.1:5174',
      'https://sweet-shop-management-frontend.vercel.app'
    ]

      at handleCors (utils/cors.js:15:11)

  console.log
    Γ£à CORS allowed for origin: undefined

      at handleCors (utils/cors.js:20:13)

  console.log
    ≡ƒöì Request origin: undefined

      at handleCors (utils/cors.js:14:11)

  console.log
    ≡ƒöì Allowed origins: [
      'http://localhost:5173',
      'http://localhost:5174',
      'http://localhost:3000',
      'http://127.0.0.1:5173',
      'http://127.0.0.1:5174',
      'https://sweet-shop-management-frontend.vercel.app'
    ]

      at handleCors (utils/cors.js:15:11)

  console.log
    Γ£à CORS allowed for origin: undefined

      at handleCors (utils/cors.js:20:13)

  console.log
    ≡ƒöì Request origin: undefined

      at handleCors (utils/cors.js:14:11)

  console.log
    ≡ƒöì Allowed origins: [
      'http://localhost:5173',
      'http://localhost:5174',
      'http://localhost:3000',
      'http://127.0.0.1:5173',
      'http://127.0.0.1:5174',
      'https://sweet-shop-management-frontend.vercel.app'
    ]

      at handleCors (utils/cors.js:15:11)

  console.log
    Γ£à CORS allowed for origin: undefined

      at handleCors (utils/cors.js:20:13)

  console.log
    ≡ƒöì Request origin: undefined

      at handleCors (utils/cors.js:14:11)

  console.log
    ≡ƒöì Allowed origins: [
      'http://localhost:5173',
      'http://localhost:5174',
      'http://localhost:3000',
      'http://127.0.0.1:5173',
      'http://127.0.0.1:5174',
      'https://sweet-shop-management-frontend.vercel.app'
    ]

      at handleCors (utils/cors.js:15:11)

  console.log
    Γ£à CORS allowed for origin: undefined

      at handleCors (utils/cors.js:20:13)

  console.log
    ≡ƒöì Request origin: undefined

      at handleCors (utils/cors.js:14:11)

  console.log
    ≡ƒöì Allowed origins: [
      'http://localhost:5173',
      'http://localhost:5174',
      'http://localhost:3000',
      'http://127.0.0.1:5173',
      'http://127.0.0.1:5174',
      'https://sweet-shop-management-frontend.vercel.app'
    ]

      at handleCors (utils/cors.js:15:11)

  console.log
    Γ£à CORS allowed for origin: undefined

      at handleCors (utils/cors.js:20:13)

  console.log
    ≡ƒöì Request origin: undefined

      at handleCors (utils/cors.js:14:11)

  console.log
    ≡ƒöì Allowed origins: [
      'http://localhost:5173',
      'http://localhost:5174',
      'http://localhost:3000',
      'http://127.0.0.1:5173',
      'http://127.0.0.1:5174',
      'https://sweet-shop-management-frontend.vercel.app'
    ]

      at handleCors (utils/cors.js:15:11)

  console.log
    Γ£à CORS allowed for origin: undefined

      at handleCors (utils/cors.js:20:13)

  console.log
    ≡ƒöì Request origin: undefined

      at handleCors (utils/cors.js:14:11)

  console.log
    ≡ƒöì Allowed origins: [
      'http://localhost:5173',
      'http://localhost:5174',
      'http://localhost:3000',
      'http://127.0.0.1:5173',
      'http://127.0.0.1:5174',
      'https://sweet-shop-management-frontend.vercel.app'
    ]

      at handleCors (utils/cors.js:15:11)

  console.log
    Γ£à CORS allowed for origin: undefined

      at handleCors (utils/cors.js:20:13)

  console.log
    [dotenv@17.2.1] injecting env (3) from .env -- tip: ΓÜÖ∩╕Å  suppress all logs with { quiet: true }

      at _log (node_modules/dotenv/lib/main.js:139:11)

  console.log
    ≡ƒöº CORS allowed origins: [
      'https://sweet-shop-management-frontend.vercel.app',
      'http://localhost:5173',
      'http://localhost:3000',
      'http://127.0.0.1:5173'
    ]

      at createApp (app.js:31:11)

  console.log
    ≡ƒîì Node environment: test

      at createApp (app.js:32:11)

  console.log
    ≡ƒöì Request origin: undefined

      at handleCors (utils/cors.js:14:11)

  console.log
    ≡ƒöì Allowed origins: [
      'http://localhost:5173',
      'http://localhost:5174',
      'http://localhost:3000',
      'http://127.0.0.1:5173',
      'http://127.0.0.1:5174',
      'https://sweet-shop-management-frontend.vercel.app'
    ]

      at handleCors (utils/cors.js:15:11)

  console.log
    Γ£à CORS allowed for origin: undefined

      at handleCors (utils/cors.js:20:13)

  console.log
    ≡ƒöº CORS allowed origins: [
      'https://sweet-shop-management-frontend.vercel.app',
      'http://localhost:5173',
      'http://localhost:3000',
      'http://127.0.0.1:5173'
    ]

      at createApp (app.js:31:11)

  console.log
    ≡ƒöì Request origin: undefined

      at handleCors (utils/cors.js:14:11)

  console.log
    ≡ƒîì Node environment: test

      at createApp (app.js:32:11)

  console.log
    ≡ƒöì Allowed origins: [
      'http://localhost:5173',
      'http://localhost:5174',
      'http://localhost:3000',
      'http://127.0.0.1:5173',
      'http://127.0.0.1:5174',
      'https://sweet-shop-management-frontend.vercel.app'
    ]

      at handleCors (utils/cors.js:15:11)

  console.log
    Γ£à CORS allowed for origin: undefined

      at handleCors (utils/cors.js:20:13)

  console.log
    ≡ƒöì Request origin: undefined

      at handleCors (utils/cors.js:14:11)

  console.log
    ≡ƒöì Allowed origins: [
      'http://localhost:5173',
      'http://localhost:5174',
      'http://localhost:3000',
      'http://127.0.0.1:5173',
      'http://127.0.0.1:5174',
      'https://sweet-shop-management-frontend.vercel.app'
    ]

      at handleCors (utils/cors.js:15:11)

  console.log
    Γ£à CORS allowed for origin: undefined

      at handleCors (utils/cors.js:20:13)

  console.log
    ≡ƒöì Request origin: undefined

      at handleCors (utils/cors.js:14:11)

  console.log
    ≡ƒöì Allowed origins: [
      'http://localhost:5173',
      'http://localhost:5174',
      'http://localhost:3000',
      'http://127.0.0.1:5173',
      'http://127.0.0.1:5174',
      'https://sweet-shop-management-frontend.vercel.app'
    ]

      at handleCors (utils/cors.js:15:11)

  console.log
    Γ£à CORS allowed for origin: undefined

      at handleCors (utils/cors.js:20:13)

  console.log
    ≡ƒöì Request origin: undefined

      at handleCors (utils/cors.js:14:11)

  console.log
    ≡ƒöì Allowed origins: [
      'http://localhost:5173',
      'http://localhost:5174',
      'http://localhost:3000',
      'http://127.0.0.1:5173',
      'http://127.0.0.1:5174',
      'https://sweet-shop-management-frontend.vercel.app'
    ]

      at handleCors (utils/cors.js:15:11)

  console.log
    Γ£à CORS allowed for origin: undefined

      at handleCors (utils/cors.js:20:13)

  console.log
    ≡ƒöì Request origin: undefined

      at handleCors (utils/cors.js:14:11)

  console.log
    ≡ƒöì Allowed origins: [
      'http://localhost:5173',
      'http://localhost:5174',
      'http://localhost:3000',
      'http://127.0.0.1:5173',
      'http://127.0.0.1:5174',
      'https://sweet-shop-management-frontend.vercel.app'
    ]

      at handleCors (utils/cors.js:15:11)

  console.log
    Γ£à CORS allowed for origin: undefined

      at handleCors (utils/cors.js:20:13)

  console.log
    ≡ƒöì Request origin: undefined

      at handleCors (utils/cors.js:14:11)

  console.log
    ≡ƒöì Allowed origins: [
      'http://localhost:5173',
      'http://localhost:5174',
      'http://localhost:3000',
      'http://127.0.0.1:5173',
      'http://127.0.0.1:5174',
      'https://sweet-shop-management-frontend.vercel.app'
    ]

      at handleCors (utils/cors.js:15:11)

  console.log
    Γ£à CORS allowed for origin: undefined

      at handleCors (utils/cors.js:20:13)

  console.log
    ≡ƒöì Request origin: undefined

      at handleCors (utils/cors.js:14:11)

  console.log
    ≡ƒöì Allowed origins: [
      'http://localhost:5173',
      'http://localhost:5174',
      'http://localhost:3000',
      'http://127.0.0.1:5173',
      'http://127.0.0.1:5174',
      'https://sweet-shop-management-frontend.vercel.app'
    ]

      at handleCors (utils/cors.js:15:11)

  console.log
    Γ£à CORS allowed for origin: undefined

      at handleCors (utils/cors.js:20:13)

  console.log
    ≡ƒöì Request origin: undefined

      at handleCors (utils/cors.js:14:11)

  console.log
    ≡ƒöì Allowed origins: [
      'http://localhost:5173',
      'http://localhost:5174',
      'http://localhost:3000',
      'http://127.0.0.1:5173',
      'http://127.0.0.1:5174',
      'https://sweet-shop-management-frontend.vercel.app'
    ]

      at handleCors (utils/cors.js:15:11)

  console.log
    Γ£à CORS allowed for origin: undefined

      at handleCors (utils/cors.js:20:13)

  console.log
    ≡ƒöì Request origin: undefined

      at handleCors (utils/cors.js:14:11)

  console.log
    ≡ƒöì Allowed origins: [
      'http://localhost:5173',
      'http://localhost:5174',
      'http://localhost:3000',
      'http://127.0.0.1:5173',
      'http://127.0.0.1:5174',
      'https://sweet-shop-management-frontend.vercel.app'
    ]

      at handleCors (utils/cors.js:15:11)

  console.log
    Γ£à CORS allowed for origin: undefined

      at handleCors (utils/cors.js:20:13)

  console.log
    ≡ƒöì Request origin: undefined

      at handleCors (utils/cors.js:14:11)

  console.log
    ≡ƒöì Allowed origins: [
      'http://localhost:5173',
      'http://localhost:5174',
      'http://localhost:3000',
      'http://127.0.0.1:5173',
      'http://127.0.0.1:5174',
      'https://sweet-shop-management-frontend.vercel.app'
    ]

      at handleCors (utils/cors.js:15:11)

  console.log
    Γ£à CORS allowed for origin: undefined

      at handleCors (utils/cors.js:20:13)

  console.log
    ≡ƒöì Request origin: undefined

      at handleCors (utils/cors.js:14:11)

  console.log
    ≡ƒöì Allowed origins: [
      'http://localhost:5173',
      'http://localhost:5174',
      'http://localhost:3000',
      'http://127.0.0.1:5173',
      'http://127.0.0.1:5174',
      'https://sweet-shop-management-frontend.vercel.app'
    ]

      at handleCors (utils/cors.js:15:11)

  console.log
    Γ£à CORS allowed for origin: undefined

      at handleCors (utils/cors.js:20:13)

  console.log
    ≡ƒöì Request origin: undefined

      at handleCors (utils/cors.js:14:11)

  console.log
    ≡ƒöì Allowed origins: [
      'http://localhost:5173',
      'http://localhost:5174',
      'http://localhost:3000',
      'http://127.0.0.1:5173',
      'http://127.0.0.1:5174',
      'https://sweet-shop-management-frontend.vercel.app'
    ]

      at handleCors (utils/cors.js:15:11)

  console.log
    Γ£à CORS allowed for origin: undefined

      at handleCors (utils/cors.js:20:13)

  console.log
    ≡ƒöì Request origin: undefined

      at handleCors (utils/cors.js:14:11)

  console.log
    ≡ƒöì Allowed origins: [
      'http://localhost:5173',
      'http://localhost:5174',
      'http://localhost:3000',
      'http://127.0.0.1:5173',
      'http://127.0.0.1:5174',
      'https://sweet-shop-management-frontend.vercel.app'
    ]

      at handleCors (utils/cors.js:15:11)

  console.log
    Γ£à CORS allowed for origin: undefined

      at handleCors (utils/cors.js:20:13)

  console.log
    ≡ƒöì Request origin: undefined

      at handleCors (utils/cors.js:14:11)

  console.log
    ≡ƒöì Allowed origins: [
      'http://localhost:5173',
      'http://localhost:5174',
      'http://localhost:3000',
      'http://127.0.0.1:5173',
      'http://127.0.0.1:5174',
      'https://sweet-shop-management-frontend.vercel.app'
    ]

      at handleCors (utils/cors.js:15:11)

  console.log
    Γ£à CORS allowed for origin: undefined

      at handleCors (utils/cors.js:20:13)

  console.log
    ≡ƒöì Request origin: undefined

      at handleCors (utils/cors.js:14:11)

  console.log
    ≡ƒöì Allowed origins: [
      'http://localhost:5173',
      'http://localhost:5174',
      'http://localhost:3000',
      'http://127.0.0.1:5173',
      'http://127.0.0.1:5174',
      'https://sweet-shop-management-frontend.vercel.app'
    ]

      at handleCors (utils/cors.js:15:11)

  console.log
    Γ£à CORS allowed for origin: undefined

      at handleCors (utils/cors.js:20:13)

  console.log
    ≡ƒöì Request origin: undefined

      at handleCors (utils/cors.js:14:11)

  console.log
    ≡ƒöì Allowed origins: [
      'http://localhost:5173',
      'http://localhost:5174',
      'http://localhost:3000',
      'http://127.0.0.1:5173',
      'http://127.0.0.1:5174',
      'https://sweet-shop-management-frontend.vercel.app'
    ]

      at handleCors (utils/cors.js:15:11)

  console.log
    Γ£à CORS allowed for origin: undefined

      at handleCors (utils/cors.js:20:13)

  console.log
    ≡ƒöì Request origin: undefined

      at handleCors (utils/cors.js:14:11)

  console.log
    ≡ƒöì Allowed origins: [
      'http://localhost:5173',
      'http://localhost:5174',
      'http://localhost:3000',
      'http://127.0.0.1:5173',
      'http://127.0.0.1:5174',
      'https://sweet-shop-management-frontend.vercel.app'
    ]

      at handleCors (utils/cors.js:15:11)

  console.log
    Γ£à CORS allowed for origin: undefined

      at handleCors (utils/cors.js:20:13)

  console.log
    ≡ƒöì Request origin: undefined

      at handleCors (utils/cors.js:14:11)

  console.log
    ≡ƒöì Allowed origins: [
      'http://localhost:5173',
      'http://localhost:5174',
      'http://localhost:3000',
      'http://127.0.0.1:5173',
      'http://127.0.0.1:5174',
      'https://sweet-shop-management-frontend.vercel.app'
    ]

      at handleCors (utils/cors.js:15:11)

  console.log
    Γ£à CORS allowed for origin: undefined

      at handleCors (utils/cors.js:20:13)

  console.log
    ≡ƒöì Request origin: undefined

      at handleCors (utils/cors.js:14:11)

  console.log
    ≡ƒöì Allowed origins: [
      'http://localhost:5173',
      'http://localhost:5174',
      'http://localhost:3000',
      'http://127.0.0.1:5173',
      'http://127.0.0.1:5174',
      'https://sweet-shop-management-frontend.vercel.app'
    ]

      at handleCors (utils/cors.js:15:11)

  console.log
    Γ£à CORS allowed for origin: undefined

      at handleCors (utils/cors.js:20:13)

  console.log
    ≡ƒöì Request origin: undefined

      at handleCors (utils/cors.js:14:11)

  console.log
    ≡ƒöì Allowed origins: [
      'http://localhost:5173',
      'http://localhost:5174',
      'http://localhost:3000',
      'http://127.0.0.1:5173',
      'http://127.0.0.1:5174',
      'https://sweet-shop-management-frontend.vercel.app'
    ]

      at handleCors (utils/cors.js:15:11)

  console.log
    Γ£à CORS allowed for origin: undefined

      at handleCors (utils/cors.js:20:13)

  console.log
    ≡ƒöì Request origin: undefined

      at handleCors (utils/cors.js:14:11)

  console.log
    ≡ƒöì Allowed origins: [
      'http://localhost:5173',
      'http://localhost:5174',
      'http://localhost:3000',
      'http://127.0.0.1:5173',
      'http://127.0.0.1:5174',
      'https://sweet-shop-management-frontend.vercel.app'
    ]

      at handleCors (utils/cors.js:15:11)

  console.log
    Γ£à CORS allowed for origin: undefined

      at handleCors (utils/cors.js:20:13)

  console.log
    ≡ƒöì Request origin: undefined

      at handleCors (utils/cors.js:14:11)

  console.log
    ≡ƒöì Allowed origins: [
      'http://localhost:5173',
      'http://localhost:5174',
      'http://localhost:3000',
      'http://127.0.0.1:5173',
      'http://127.0.0.1:5174',
      'https://sweet-shop-management-frontend.vercel.app'
    ]

      at handleCors (utils/cors.js:15:11)

  console.log
    Γ£à CORS allowed for origin: undefined

      at handleCors (utils/cors.js:20:13)

  console.log
    ≡ƒöì Request origin: undefined

      at handleCors (utils/cors.js:14:11)

  console.log
    ≡ƒöì Allowed origins: [
      'http://localhost:5173',
      'http://localhost:5174',
      'http://localhost:3000',
      'http://127.0.0.1:5173',
      'http://127.0.0.1:5174',
      'https://sweet-shop-management-frontend.vercel.app'
    ]

      at handleCors (utils/cors.js:15:11)

  console.log
    Γ£à CORS allowed for origin: undefined

      at handleCors (utils/cors.js:20:13)

  console.log
    ≡ƒöì Request origin: undefined

      at handleCors (utils/cors.js:14:11)

  console.log
    ≡ƒöì Allowed origins: [
      'http://localhost:5173',
      'http://localhost:5174',
      'http://localhost:3000',
      'http://127.0.0.1:5173',
      'http://127.0.0.1:5174',
      'https://sweet-shop-management-frontend.vercel.app'
    ]

      at handleCors (utils/cors.js:15:11)

  console.log
    Γ£à CORS allowed for origin: undefined

      at handleCors (utils/cors.js:20:13)

  console.log
    ≡ƒöì Request origin: undefined

      at handleCors (utils/cors.js:14:11)

  console.log
    ≡ƒöì Allowed origins: [
      'http://localhost:5173',
      'http://localhost:5174',
      'http://localhost:3000',
      'http://127.0.0.1:5173',
      'http://127.0.0.1:5174',
      'https://sweet-shop-management-frontend.vercel.app'
    ]

      at handleCors (utils/cors.js:15:11)

  console.log
    Γ£à CORS allowed for origin: undefined

      at handleCors (utils/cors.js:20:13)

